
> vaccine-book-app@0.1.0 test
> jest

npm : - warn You have enabled experimental feature (serverActions) in next.config.js.
At line:1 char:1
+ npm run test > test-output.log 2>&1
+ ~~~~~~~~~~~~~~~~~~~~~~~~~~~~~~~~~~~
    + CategoryInfo          : NotSpecified: (- warn You have...next.config.js.:String) [], RemoteException
    + FullyQualifiedErrorId : NativeCommandError
 
- warn Experimental features are not covered by semver, and may cause unexpected or broken application behavior. Use at your 
own risk.

  console.error
    Error: Uncaught [Error: Objects are not valid as a React child (found: [object Promise]). If you meant to render a collection of children, use an array instead.]
        at reportException (C:\DriveDAble\natnaphon\Education\Chula\year4\term1\SW_DEV_PRAC_II\ReactApp\vaccine-book-app\node_modules\jsdom\lib\jsdom\living\helpers\runtime-script-errors.js:66:24)
        at innerInvokeEventListeners (C:\DriveDAble\natnaphon\Education\Chula\year4\term1\SW_DEV_PRAC_II\ReactApp\vaccine-book-app\node_modules\jsdom\lib\jsdom\living\events\EventTarget-impl.js:353:9)
        at invokeEventListeners (C:\DriveDAble\natnaphon\Education\Chula\year4\term1\SW_DEV_PRAC_II\ReactApp\vaccine-book-app\node_modules\jsdom\lib\jsdom\living\events\EventTarget-impl.js:286:3)
        at HTMLUnknownElementImpl._dispatch (C:\DriveDAble\natnaphon\Education\Chula\year4\term1\SW_DEV_PRAC_II\ReactApp\vaccine-book-app\node_modules\jsdom\lib\jsdom\living\events\EventTarget-impl.js:233:9)
        at HTMLUnknownElementImpl.dispatchEvent (C:\DriveDAble\natnaphon\Education\Chula\year4\term1\SW_DEV_PRAC_II\ReactApp\vaccine-book-app\node_modules\jsdom\lib\jsdom\living\events\EventTarget-impl.js:104:17)
        at HTMLUnknownElement.dispatchEvent (C:\DriveDAble\natnaphon\Education\Chula\year4\term1\SW_DEV_PRAC_II\ReactApp\vaccine-book-app\node_modules\jsdom\lib\jsdom\living\generated\EventTarget.js:241:34)
        at Object.invokeGuardedCallbackDev (C:\DriveDAble\natnaphon\Education\Chula\year4\term1\SW_DEV_PRAC_II\ReactApp\vaccine-book-app\node_modules\react-dom\cjs\react-dom.development.js:4213:16)
        at invokeGuardedCallback (C:\DriveDAble\natnaphon\Education\Chula\year4\term1\SW_DEV_PRAC_II\ReactApp\vaccine-book-app\node_modules\react-dom\cjs\react-dom.development.js:4277:31)
        at beginWork$1 (C:\DriveDAble\natnaphon\Education\Chula\year4\term1\SW_DEV_PRAC_II\ReactApp\vaccine-book-app\node_modules\react-dom\cjs\react-dom.development.js:27451:7)
        at performUnitOfWork (C:\DriveDAble\natnaphon\Education\Chula\year4\term1\SW_DEV_PRAC_II\ReactApp\vaccine-book-app\node_modules\react-dom\cjs\react-dom.development.js:26560:12)
        at workLoopSync (C:\DriveDAble\natnaphon\Education\Chula\year4\term1\SW_DEV_PRAC_II\ReactApp\vaccine-book-app\node_modules\react-dom\cjs\react-dom.development.js:26466:5)
        at renderRootSync (C:\DriveDAble\natnaphon\Education\Chula\year4\term1\SW_DEV_PRAC_II\ReactApp\vaccine-book-app\node_modules\react-dom\cjs\react-dom.development.js:26434:7)
        at performConcurrentWorkOnRoot (C:\DriveDAble\natnaphon\Education\Chula\year4\term1\SW_DEV_PRAC_II\ReactApp\vaccine-book-app\node_modules\react-dom\cjs\react-dom.development.js:25738:74)
        at flushActQueue (C:\DriveDAble\natnaphon\Education\Chula\year4\term1\SW_DEV_PRAC_II\ReactApp\vaccine-book-app\node_modules\react\cjs\react.development.js:2667:24)
        at act (C:\DriveDAble\natnaphon\Education\Chula\year4\term1\SW_DEV_PRAC_II\ReactApp\vaccine-book-app\node_modules\react\cjs\react.development.js:2582:11)
        at C:\DriveDAble\natnaphon\Education\Chula\year4\term1\SW_DEV_PRAC_II\ReactApp\vaccine-book-app\node_modules\@testing-library\react\dist\act-compat.js:46:25
        at renderRoot (C:\DriveDAble\natnaphon\Education\Chula\year4\term1\SW_DEV_PRAC_II\ReactApp\vaccine-book-app\node_modules\@testing-library\react\dist\pure.js:161:26)
        at render (C:\DriveDAble\natnaphon\Education\Chula\year4\term1\SW_DEV_PRAC_II\ReactApp\vaccine-book-app\node_modules\@testing-library\react\dist\pure.js:247:10)
        at Object.<anonymous> (C:\DriveDAble\natnaphon\Education\Chula\year4\term1\SW_DEV_PRAC_II\ReactApp\vaccine-book-app\__tests__\Vaccine.test.tsx:17:15)
        at Promise.then.completed (C:\DriveDAble\natnaphon\Education\Chula\year4\term1\SW_DEV_PRAC_II\ReactApp\vaccine-book-app\node_modules\jest-circus\build\utils.js:298:28)
        at new Promise (<anonymous>)
        at callAsyncCircusFn (C:\DriveDAble\natnaphon\Education\Chula\year4\term1\SW_DEV_PRAC_II\ReactApp\vaccine-book-app\node_modules\jest-circus\build\utils.js:231:10)
        at _callCircusTest (C:\DriveDAble\natnaphon\Education\Chula\year4\term1\SW_DEV_PRAC_II\ReactApp\vaccine-book-app\node_modules\jest-circus\build\run.js:316:40)
        at _runTest (C:\DriveDAble\natnaphon\Education\Chula\year4\term1\SW_DEV_PRAC_II\ReactApp\vaccine-book-app\node_modules\jest-circus\build\run.js:252:3)
        at _runTestsForDescribeBlock (C:\DriveDAble\natnaphon\Education\Chula\year4\term1\SW_DEV_PRAC_II\ReactApp\vaccine-book-app\node_modules\jest-circus\build\run.js:126:9)
        at _runTestsForDescribeBlock (C:\DriveDAble\natnaphon\Education\Chula\year4\term1\SW_DEV_PRAC_II\ReactApp\vaccine-book-app\node_modules\jest-circus\build\run.js:121:9)
        at run (C:\DriveDAble\natnaphon\Education\Chula\year4\term1\SW_DEV_PRAC_II\ReactApp\vaccine-book-app\node_modules\jest-circus\build\run.js:71:3)
        at runAndTransformResultsToJestFormat (C:\DriveDAble\natnaphon\Education\Chula\year4\term1\SW_DEV_PRAC_II\ReactApp\vaccine-book-app\node_modules\jest-circus\build\legacy-code-todo-rewrite\jestAdapterInit.js:122:21)
        at jestAdapter (C:\DriveDAble\natnaphon\Education\Chula\year4\term1\SW_DEV_PRAC_II\ReactApp\vaccine-book-app\node_modules\jest-circus\build\legacy-code-todo-rewrite\jestAdapter.js:79:19)
        at runTestInternal (C:\DriveDAble\natnaphon\Education\Chula\year4\term1\SW_DEV_PRAC_II\ReactApp\vaccine-book-app\node_modules\jest-runner\build\runTest.js:367:16)
        at runTest (C:\DriveDAble\natnaphon\Education\Chula\year4\term1\SW_DEV_PRAC_II\ReactApp\vaccine-book-app\node_modules\jest-runner\build\runTest.js:444:34) {
      detail: Error: Objects are not valid as a React child (found: [object Promise]). If you meant to render a collection of children, use an array instead.
          at throwOnInvalidObjectType (C:\DriveDAble\natnaphon\Education\Chula\year4\term1\SW_DEV_PRAC_II\ReactApp\vaccine-book-app\node_modules\react-dom\cjs\react-dom.development.js:14887:9)
          at reconcileChildFibers (C:\DriveDAble\natnaphon\Education\Chula\year4\term1\SW_DEV_PRAC_II\ReactApp\vaccine-book-app\node_modules\react-dom\cjs\react-dom.development.js:15828:7)
          at reconcileChildren (C:\DriveDAble\natnaphon\Education\Chula\year4\term1\SW_DEV_PRAC_II\ReactApp\vaccine-book-app\node_modules\react-dom\cjs\react-dom.development.js:19167:28)
          at mountIndeterminateComponent (C:\DriveDAble\natnaphon\Education\Chula\year4\term1\SW_DEV_PRAC_II\ReactApp\vaccine-book-app\node_modules\react-dom\cjs\react-dom.development.js:20157:5)
          at beginWork (C:\DriveDAble\natnaphon\Education\Chula\year4\term1\SW_DEV_PRAC_II\ReactApp\vaccine-book-app\node_modules\react-dom\cjs\react-dom.development.js:21587:16)
          at HTMLUnknownElement.callCallback (C:\DriveDAble\natnaphon\Education\Chula\year4\term1\SW_DEV_PRAC_II\ReactApp\vaccine-book-app\node_modules\react-dom\cjs\react-dom.development.js:4164:14)
          at HTMLUnknownElement.callTheUserObjectsOperation (C:\DriveDAble\natnaphon\Education\Chula\year4\term1\SW_DEV_PRAC_II\ReactApp\vaccine-book-app\node_modules\jsdom\lib\jsdom\living\generated\EventListener.js:26:30)
          at innerInvokeEventListeners (C:\DriveDAble\natnaphon\Education\Chula\year4\term1\SW_DEV_PRAC_II\ReactApp\vaccine-book-app\node_modules\jsdom\lib\jsdom\living\events\EventTarget-impl.js:350:25)
          at invokeEventListeners (C:\DriveDAble\natnaphon\Education\Chula\year4\term1\SW_DEV_PRAC_II\ReactApp\vaccine-book-app\node_modules\jsdom\lib\jsdom\living\events\EventTarget-impl.js:286:3)
          at HTMLUnknownElementImpl._dispatch (C:\DriveDAble\natnaphon\Education\Chula\year4\term1\SW_DEV_PRAC_II\ReactApp\vaccine-book-app\node_modules\jsdom\lib\jsdom\living\events\EventTarget-impl.js:233:9)
          at HTMLUnknownElementImpl.dispatchEvent (C:\DriveDAble\natnaphon\Education\Chula\year4\term1\SW_DEV_PRAC_II\ReactApp\vaccine-book-app\node_modules\jsdom\lib\jsdom\living\events\EventTarget-impl.js:104:17)
          at HTMLUnknownElement.dispatchEvent (C:\DriveDAble\natnaphon\Education\Chula\year4\term1\SW_DEV_PRAC_II\ReactApp\vaccine-book-app\node_modules\jsdom\lib\jsdom\living\generated\EventTarget.js:241:34)
          at Object.invokeGuardedCallbackDev (C:\DriveDAble\natnaphon\Education\Chula\year4\term1\SW_DEV_PRAC_II\ReactApp\vaccine-book-app\node_modules\react-dom\cjs\react-dom.development.js:4213:16)
          at invokeGuardedCallback (C:\DriveDAble\natnaphon\Education\Chula\year4\term1\SW_DEV_PRAC_II\ReactApp\vaccine-book-app\node_modules\react-dom\cjs\react-dom.development.js:4277:31)
          at beginWork$1 (C:\DriveDAble\natnaphon\Education\Chula\year4\term1\SW_DEV_PRAC_II\ReactApp\vaccine-book-app\node_modules\react-dom\cjs\react-dom.development.js:27451:7)
          at performUnitOfWork (C:\DriveDAble\natnaphon\Education\Chula\year4\term1\SW_DEV_PRAC_II\ReactApp\vaccine-book-app\node_modules\react-dom\cjs\react-dom.development.js:26560:12)
          at workLoopSync (C:\DriveDAble\natnaphon\Education\Chula\year4\term1\SW_DEV_PRAC_II\ReactApp\vaccine-book-app\node_modules\react-dom\cjs\react-dom.development.js:26466:5)
          at renderRootSync (C:\DriveDAble\natnaphon\Education\Chula\year4\term1\SW_DEV_PRAC_II\ReactApp\vaccine-book-app\node_modules\react-dom\cjs\react-dom.development.js:26434:7)
          at performConcurrentWorkOnRoot (C:\DriveDAble\natnaphon\Education\Chula\year4\term1\SW_DEV_PRAC_II\ReactApp\vaccine-book-app\node_modules\react-dom\cjs\react-dom.development.js:25738:74)
          at flushActQueue (C:\DriveDAble\natnaphon\Education\Chula\year4\term1\SW_DEV_PRAC_II\ReactApp\vaccine-book-app\node_modules\react\cjs\react.development.js:2667:24)
          at act (C:\DriveDAble\natnaphon\Education\Chula\year4\term1\SW_DEV_PRAC_II\ReactApp\vaccine-book-app\node_modules\react\cjs\react.development.js:2582:11)
          at C:\DriveDAble\natnaphon\Education\Chula\year4\term1\SW_DEV_PRAC_II\ReactApp\vaccine-book-app\node_modules\@testing-library\react\dist\act-compat.js:46:25
          at renderRoot (C:\DriveDAble\natnaphon\Education\Chula\year4\term1\SW_DEV_PRAC_II\ReactApp\vaccine-book-app\node_modules\@testing-library\react\dist\pure.js:161:26)
          at render (C:\DriveDAble\natnaphon\Education\Chula\year4\term1\SW_DEV_PRAC_II\ReactApp\vaccine-book-app\node_modules\@testing-library\react\dist\pure.js:247:10)
          at Object.<anonymous> (C:\DriveDAble\natnaphon\Education\Chula\year4\term1\SW_DEV_PRAC_II\ReactApp\vaccine-book-app\__tests__\Vaccine.test.tsx:17:15)
          at Promise.then.completed (C:\DriveDAble\natnaphon\Education\Chula\year4\term1\SW_DEV_PRAC_II\ReactApp\vaccine-book-app\node_modules\jest-circus\build\utils.js:298:28)
          at new Promise (<anonymous>)
          at callAsyncCircusFn (C:\DriveDAble\natnaphon\Education\Chula\year4\term1\SW_DEV_PRAC_II\ReactApp\vaccine-book-app\node_modules\jest-circus\build\utils.js:231:10)
          at _callCircusTest (C:\DriveDAble\natnaphon\Education\Chula\year4\term1\SW_DEV_PRAC_II\ReactApp\vaccine-book-app\node_modules\jest-circus\build\run.js:316:40)
          at _runTest (C:\DriveDAble\natnaphon\Education\Chula\year4\term1\SW_DEV_PRAC_II\ReactApp\vaccine-book-app\node_modules\jest-circus\build\run.js:252:3)
          at _runTestsForDescribeBlock (C:\DriveDAble\natnaphon\Education\Chula\year4\term1\SW_DEV_PRAC_II\ReactApp\vaccine-book-app\node_modules\jest-circus\build\run.js:126:9)
          at _runTestsForDescribeBlock (C:\DriveDAble\natnaphon\Education\Chula\year4\term1\SW_DEV_PRAC_II\ReactApp\vaccine-book-app\node_modules\jest-circus\build\run.js:121:9)
          at run (C:\DriveDAble\natnaphon\Education\Chula\year4\term1\SW_DEV_PRAC_II\ReactApp\vaccine-book-app\node_modules\jest-circus\build\run.js:71:3)
          at runAndTransformResultsToJestFormat (C:\DriveDAble\natnaphon\Education\Chula\year4\term1\SW_DEV_PRAC_II\ReactApp\vaccine-book-app\node_modules\jest-circus\build\legacy-code-todo-rewrite\jestAdapterInit.js:122:21)
          at jestAdapter (C:\DriveDAble\natnaphon\Education\Chula\year4\term1\SW_DEV_PRAC_II\ReactApp\vaccine-book-app\node_modules\jest-circus\build\legacy-code-todo-rewrite\jestAdapter.js:79:19)
          at runTestInternal (C:\DriveDAble\natnaphon\Education\Chula\year4\term1\SW_DEV_PRAC_II\ReactApp\vaccine-book-app\node_modules\jest-runner\build\runTest.js:367:16)
          at runTest (C:\DriveDAble\natnaphon\Education\Chula\year4\term1\SW_DEV_PRAC_II\ReactApp\vaccine-book-app\node_modules\jest-runner\build\runTest.js:444:34),
      type: 'unhandled exception'
    }

      15 |         };
      16 |         const hospitalJsonPromise = Promise.resolve(mockHospitals);
    > 17 |         render(<HospitalCatalog hospitalJson={hospitalJsonPromise}/>)
         |               ^
      18 |
      19 |         // Act
      20 |         // Wait for the component to render

      at VirtualConsole.<anonymous> (node_modules/jest-environment-jsdom/build/index.js:63:23)
      at reportException (node_modules/jsdom/lib/jsdom/living/helpers/runtime-script-errors.js:70:28)
      at innerInvokeEventListeners (node_modules/jsdom/lib/jsdom/living/events/EventTarget-impl.js:353:9)
      at invokeEventListeners (node_modules/jsdom/lib/jsdom/living/events/EventTarget-impl.js:286:3)
      at HTMLUnknownElementImpl._dispatch (node_modules/jsdom/lib/jsdom/living/events/EventTarget-impl.js:233:9)
      at HTMLUnknownElementImpl.dispatchEvent (node_modules/jsdom/lib/jsdom/living/events/EventTarget-impl.js:104:17)
      at HTMLUnknownElement.dispatchEvent (node_modules/jsdom/lib/jsdom/living/generated/EventTarget.js:241:34)
      at Object.invokeGuardedCallbackDev (node_modules/react-dom/cjs/react-dom.development.js:4213:16)
      at invokeGuardedCallback (node_modules/react-dom/cjs/react-dom.development.js:4277:31)
      at beginWork$1 (node_modules/react-dom/cjs/react-dom.development.js:27451:7)
      at performUnitOfWork (node_modules/react-dom/cjs/react-dom.development.js:26560:12)
      at workLoopSync (node_modules/react-dom/cjs/react-dom.development.js:26466:5)
      at renderRootSync (node_modules/react-dom/cjs/react-dom.development.js:26434:7)
      at performConcurrentWorkOnRoot (node_modules/react-dom/cjs/react-dom.development.js:25738:74)
      at flushActQueue (node_modules/react/cjs/react.development.js:2667:24)
      at act (node_modules/react/cjs/react.development.js:2582:11)
      at node_modules/@testing-library/react/dist/act-compat.js:46:25
      at renderRoot (node_modules/@testing-library/react/dist/pure.js:161:26)
      at render (node_modules/@testing-library/react/dist/pure.js:247:10)
      at Object.<anonymous> (__tests__/Vaccine.test.tsx:17:15)

  console.error
    Error: Uncaught [Error: Objects are not valid as a React child (found: [object Promise]). If you meant to render a collection of children, use an array instead.]
        at reportException (C:\DriveDAble\natnaphon\Education\Chula\year4\term1\SW_DEV_PRAC_II\ReactApp\vaccine-book-app\node_modules\jsdom\lib\jsdom\living\helpers\runtime-script-errors.js:66:24)
        at innerInvokeEventListeners (C:\DriveDAble\natnaphon\Education\Chula\year4\term1\SW_DEV_PRAC_II\ReactApp\vaccine-book-app\node_modules\jsdom\lib\jsdom\living\events\EventTarget-impl.js:353:9)
        at invokeEventListeners (C:\DriveDAble\natnaphon\Education\Chula\year4\term1\SW_DEV_PRAC_II\ReactApp\vaccine-book-app\node_modules\jsdom\lib\jsdom\living\events\EventTarget-impl.js:286:3)
        at HTMLUnknownElementImpl._dispatch (C:\DriveDAble\natnaphon\Education\Chula\year4\term1\SW_DEV_PRAC_II\ReactApp\vaccine-book-app\node_modules\jsdom\lib\jsdom\living\events\EventTarget-impl.js:233:9)
        at HTMLUnknownElementImpl.dispatchEvent (C:\DriveDAble\natnaphon\Education\Chula\year4\term1\SW_DEV_PRAC_II\ReactApp\vaccine-book-app\node_modules\jsdom\lib\jsdom\living\events\EventTarget-impl.js:104:17)
        at HTMLUnknownElement.dispatchEvent (C:\DriveDAble\natnaphon\Education\Chula\year4\term1\SW_DEV_PRAC_II\ReactApp\vaccine-book-app\node_modules\jsdom\lib\jsdom\living\generated\EventTarget.js:241:34)
        at Object.invokeGuardedCallbackDev (C:\DriveDAble\natnaphon\Education\Chula\year4\term1\SW_DEV_PRAC_II\ReactApp\vaccine-book-app\node_modules\react-dom\cjs\react-dom.development.js:4213:16)
        at invokeGuardedCallback (C:\DriveDAble\natnaphon\Education\Chula\year4\term1\SW_DEV_PRAC_II\ReactApp\vaccine-book-app\node_modules\react-dom\cjs\react-dom.development.js:4277:31)
        at beginWork$1 (C:\DriveDAble\natnaphon\Education\Chula\year4\term1\SW_DEV_PRAC_II\ReactApp\vaccine-book-app\node_modules\react-dom\cjs\react-dom.development.js:27451:7)
        at performUnitOfWork (C:\DriveDAble\natnaphon\Education\Chula\year4\term1\SW_DEV_PRAC_II\ReactApp\vaccine-book-app\node_modules\react-dom\cjs\react-dom.development.js:26560:12)
        at workLoopSync (C:\DriveDAble\natnaphon\Education\Chula\year4\term1\SW_DEV_PRAC_II\ReactApp\vaccine-book-app\node_modules\react-dom\cjs\react-dom.development.js:26466:5)
        at renderRootSync (C:\DriveDAble\natnaphon\Education\Chula\year4\term1\SW_DEV_PRAC_II\ReactApp\vaccine-book-app\node_modules\react-dom\cjs\react-dom.development.js:26434:7)
        at recoverFromConcurrentError (C:\DriveDAble\natnaphon\Education\Chula\year4\term1\SW_DEV_PRAC_II\ReactApp\vaccine-book-app\node_modules\react-dom\cjs\react-dom.development.js:25850:20)
        at performConcurrentWorkOnRoot (C:\DriveDAble\natnaphon\Education\Chula\year4\term1\SW_DEV_PRAC_II\ReactApp\vaccine-book-app\node_modules\react-dom\cjs\react-dom.development.js:25750:22)
        at flushActQueue (C:\DriveDAble\natnaphon\Education\Chula\year4\term1\SW_DEV_PRAC_II\ReactApp\vaccine-book-app\node_modules\react\cjs\react.development.js:2667:24)
        at act (C:\DriveDAble\natnaphon\Education\Chula\year4\term1\SW_DEV_PRAC_II\ReactApp\vaccine-book-app\node_modules\react\cjs\react.development.js:2582:11)
        at C:\DriveDAble\natnaphon\Education\Chula\year4\term1\SW_DEV_PRAC_II\ReactApp\vaccine-book-app\node_modules\@testing-library\react\dist\act-compat.js:46:25
        at renderRoot (C:\DriveDAble\natnaphon\Education\Chula\year4\term1\SW_DEV_PRAC_II\ReactApp\vaccine-book-app\node_modules\@testing-library\react\dist\pure.js:161:26)
        at render (C:\DriveDAble\natnaphon\Education\Chula\year4\term1\SW_DEV_PRAC_II\ReactApp\vaccine-book-app\node_modules\@testing-library\react\dist\pure.js:247:10)
        at Object.<anonymous> (C:\DriveDAble\natnaphon\Education\Chula\year4\term1\SW_DEV_PRAC_II\ReactApp\vaccine-book-app\__tests__\Vaccine.test.tsx:17:15)
        at Promise.then.completed (C:\DriveDAble\natnaphon\Education\Chula\year4\term1\SW_DEV_PRAC_II\ReactApp\vaccine-book-app\node_modules\jest-circus\build\utils.js:298:28)
        at new Promise (<anonymous>)
        at callAsyncCircusFn (C:\DriveDAble\natnaphon\Education\Chula\year4\term1\SW_DEV_PRAC_II\ReactApp\vaccine-book-app\node_modules\jest-circus\build\utils.js:231:10)
        at _callCircusTest (C:\DriveDAble\natnaphon\Education\Chula\year4\term1\SW_DEV_PRAC_II\ReactApp\vaccine-book-app\node_modules\jest-circus\build\run.js:316:40)
        at _runTest (C:\DriveDAble\natnaphon\Education\Chula\year4\term1\SW_DEV_PRAC_II\ReactApp\vaccine-book-app\node_modules\jest-circus\build\run.js:252:3)
        at _runTestsForDescribeBlock (C:\DriveDAble\natnaphon\Education\Chula\year4\term1\SW_DEV_PRAC_II\ReactApp\vaccine-book-app\node_modules\jest-circus\build\run.js:126:9)
        at _runTestsForDescribeBlock (C:\DriveDAble\natnaphon\Education\Chula\year4\term1\SW_DEV_PRAC_II\ReactApp\vaccine-book-app\node_modules\jest-circus\build\run.js:121:9)
        at run (C:\DriveDAble\natnaphon\Education\Chula\year4\term1\SW_DEV_PRAC_II\ReactApp\vaccine-book-app\node_modules\jest-circus\build\run.js:71:3)
        at runAndTransformResultsToJestFormat (C:\DriveDAble\natnaphon\Education\Chula\year4\term1\SW_DEV_PRAC_II\ReactApp\vaccine-book-app\node_modules\jest-circus\build\legacy-code-todo-rewrite\jestAdapterInit.js:122:21)
        at jestAdapter (C:\DriveDAble\natnaphon\Education\Chula\year4\term1\SW_DEV_PRAC_II\ReactApp\vaccine-book-app\node_modules\jest-circus\build\legacy-code-todo-rewrite\jestAdapter.js:79:19)
        at runTestInternal (C:\DriveDAble\natnaphon\Education\Chula\year4\term1\SW_DEV_PRAC_II\ReactApp\vaccine-book-app\node_modules\jest-runner\build\runTest.js:367:16)
        at runTest (C:\DriveDAble\natnaphon\Education\Chula\year4\term1\SW_DEV_PRAC_II\ReactApp\vaccine-book-app\node_modules\jest-runner\build\runTest.js:444:34) {
      detail: Error: Objects are not valid as a React child (found: [object Promise]). If you meant to render a collection of children, use an array instead.
          at throwOnInvalidObjectType (C:\DriveDAble\natnaphon\Education\Chula\year4\term1\SW_DEV_PRAC_II\ReactApp\vaccine-book-app\node_modules\react-dom\cjs\react-dom.development.js:14887:9)
          at reconcileChildFibers (C:\DriveDAble\natnaphon\Education\Chula\year4\term1\SW_DEV_PRAC_II\ReactApp\vaccine-book-app\node_modules\react-dom\cjs\react-dom.development.js:15828:7)
          at reconcileChildren (C:\DriveDAble\natnaphon\Education\Chula\year4\term1\SW_DEV_PRAC_II\ReactApp\vaccine-book-app\node_modules\react-dom\cjs\react-dom.development.js:19167:28)
          at mountIndeterminateComponent (C:\DriveDAble\natnaphon\Education\Chula\year4\term1\SW_DEV_PRAC_II\ReactApp\vaccine-book-app\node_modules\react-dom\cjs\react-dom.development.js:20157:5)
          at beginWork (C:\DriveDAble\natnaphon\Education\Chula\year4\term1\SW_DEV_PRAC_II\ReactApp\vaccine-book-app\node_modules\react-dom\cjs\react-dom.development.js:21587:16)
          at HTMLUnknownElement.callCallback (C:\DriveDAble\natnaphon\Education\Chula\year4\term1\SW_DEV_PRAC_II\ReactApp\vaccine-book-app\node_modules\react-dom\cjs\react-dom.development.js:4164:14)
          at HTMLUnknownElement.callTheUserObjectsOperation (C:\DriveDAble\natnaphon\Education\Chula\year4\term1\SW_DEV_PRAC_II\ReactApp\vaccine-book-app\node_modules\jsdom\lib\jsdom\living\generated\EventListener.js:26:30)
          at innerInvokeEventListeners (C:\DriveDAble\natnaphon\Education\Chula\year4\term1\SW_DEV_PRAC_II\ReactApp\vaccine-book-app\node_modules\jsdom\lib\jsdom\living\events\EventTarget-impl.js:350:25)
          at invokeEventListeners (C:\DriveDAble\natnaphon\Education\Chula\year4\term1\SW_DEV_PRAC_II\ReactApp\vaccine-book-app\node_modules\jsdom\lib\jsdom\living\events\EventTarget-impl.js:286:3)
          at HTMLUnknownElementImpl._dispatch (C:\DriveDAble\natnaphon\Education\Chula\year4\term1\SW_DEV_PRAC_II\ReactApp\vaccine-book-app\node_modules\jsdom\lib\jsdom\living\events\EventTarget-impl.js:233:9)
          at HTMLUnknownElementImpl.dispatchEvent (C:\DriveDAble\natnaphon\Education\Chula\year4\term1\SW_DEV_PRAC_II\ReactApp\vaccine-book-app\node_modules\jsdom\lib\jsdom\living\events\EventTarget-impl.js:104:17)
          at HTMLUnknownElement.dispatchEvent (C:\DriveDAble\natnaphon\Education\Chula\year4\term1\SW_DEV_PRAC_II\ReactApp\vaccine-book-app\node_modules\jsdom\lib\jsdom\living\generated\EventTarget.js:241:34)
          at Object.invokeGuardedCallbackDev (C:\DriveDAble\natnaphon\Education\Chula\year4\term1\SW_DEV_PRAC_II\ReactApp\vaccine-book-app\node_modules\react-dom\cjs\react-dom.development.js:4213:16)
          at invokeGuardedCallback (C:\DriveDAble\natnaphon\Education\Chula\year4\term1\SW_DEV_PRAC_II\ReactApp\vaccine-book-app\node_modules\react-dom\cjs\react-dom.development.js:4277:31)
          at beginWork$1 (C:\DriveDAble\natnaphon\Education\Chula\year4\term1\SW_DEV_PRAC_II\ReactApp\vaccine-book-app\node_modules\react-dom\cjs\react-dom.development.js:27451:7)
          at performUnitOfWork (C:\DriveDAble\natnaphon\Education\Chula\year4\term1\SW_DEV_PRAC_II\ReactApp\vaccine-book-app\node_modules\react-dom\cjs\react-dom.development.js:26560:12)
          at workLoopSync (C:\DriveDAble\natnaphon\Education\Chula\year4\term1\SW_DEV_PRAC_II\ReactApp\vaccine-book-app\node_modules\react-dom\cjs\react-dom.development.js:26466:5)
          at renderRootSync (C:\DriveDAble\natnaphon\Education\Chula\year4\term1\SW_DEV_PRAC_II\ReactApp\vaccine-book-app\node_modules\react-dom\cjs\react-dom.development.js:26434:7)
          at recoverFromConcurrentError (C:\DriveDAble\natnaphon\Education\Chula\year4\term1\SW_DEV_PRAC_II\ReactApp\vaccine-book-app\node_modules\react-dom\cjs\react-dom.development.js:25850:20)
          at performConcurrentWorkOnRoot (C:\DriveDAble\natnaphon\Education\Chula\year4\term1\SW_DEV_PRAC_II\ReactApp\vaccine-book-app\node_modules\react-dom\cjs\react-dom.development.js:25750:22)
          at flushActQueue (C:\DriveDAble\natnaphon\Education\Chula\year4\term1\SW_DEV_PRAC_II\ReactApp\vaccine-book-app\node_modules\react\cjs\react.development.js:2667:24)
          at act (C:\DriveDAble\natnaphon\Education\Chula\year4\term1\SW_DEV_PRAC_II\ReactApp\vaccine-book-app\node_modules\react\cjs\react.development.js:2582:11)
          at C:\DriveDAble\natnaphon\Education\Chula\year4\term1\SW_DEV_PRAC_II\ReactApp\vaccine-book-app\node_modules\@testing-library\react\dist\act-compat.js:46:25
          at renderRoot (C:\DriveDAble\natnaphon\Education\Chula\year4\term1\SW_DEV_PRAC_II\ReactApp\vaccine-book-app\node_modules\@testing-library\react\dist\pure.js:161:26)
          at render (C:\DriveDAble\natnaphon\Education\Chula\year4\term1\SW_DEV_PRAC_II\ReactApp\vaccine-book-app\node_modules\@testing-library\react\dist\pure.js:247:10)
          at Object.<anonymous> (C:\DriveDAble\natnaphon\Education\Chula\year4\term1\SW_DEV_PRAC_II\ReactApp\vaccine-book-app\__tests__\Vaccine.test.tsx:17:15)
          at Promise.then.completed (C:\DriveDAble\natnaphon\Education\Chula\year4\term1\SW_DEV_PRAC_II\ReactApp\vaccine-book-app\node_modules\jest-circus\build\utils.js:298:28)
          at new Promise (<anonymous>)
          at callAsyncCircusFn (C:\DriveDAble\natnaphon\Education\Chula\year4\term1\SW_DEV_PRAC_II\ReactApp\vaccine-book-app\node_modules\jest-circus\build\utils.js:231:10)
          at _callCircusTest (C:\DriveDAble\natnaphon\Education\Chula\year4\term1\SW_DEV_PRAC_II\ReactApp\vaccine-book-app\node_modules\jest-circus\build\run.js:316:40)
          at _runTest (C:\DriveDAble\natnaphon\Education\Chula\year4\term1\SW_DEV_PRAC_II\ReactApp\vaccine-book-app\node_modules\jest-circus\build\run.js:252:3)
          at _runTestsForDescribeBlock (C:\DriveDAble\natnaphon\Education\Chula\year4\term1\SW_DEV_PRAC_II\ReactApp\vaccine-book-app\node_modules\jest-circus\build\run.js:126:9)
          at _runTestsForDescribeBlock (C:\DriveDAble\natnaphon\Education\Chula\year4\term1\SW_DEV_PRAC_II\ReactApp\vaccine-book-app\node_modules\jest-circus\build\run.js:121:9)
          at run (C:\DriveDAble\natnaphon\Education\Chula\year4\term1\SW_DEV_PRAC_II\ReactApp\vaccine-book-app\node_modules\jest-circus\build\run.js:71:3)
          at runAndTransformResultsToJestFormat (C:\DriveDAble\natnaphon\Education\Chula\year4\term1\SW_DEV_PRAC_II\ReactApp\vaccine-book-app\node_modules\jest-circus\build\legacy-code-todo-rewrite\jestAdapterInit.js:122:21)
          at jestAdapter (C:\DriveDAble\natnaphon\Education\Chula\year4\term1\SW_DEV_PRAC_II\ReactApp\vaccine-book-app\node_modules\jest-circus\build\legacy-code-todo-rewrite\jestAdapter.js:79:19)
          at runTestInternal (C:\DriveDAble\natnaphon\Education\Chula\year4\term1\SW_DEV_PRAC_II\ReactApp\vaccine-book-app\node_modules\jest-runner\build\runTest.js:367:16)
          at runTest (C:\DriveDAble\natnaphon\Education\Chula\year4\term1\SW_DEV_PRAC_II\ReactApp\vaccine-book-app\node_modules\jest-runner\build\runTest.js:444:34),
      type: 'unhandled exception'
    }

      15 |         };
      16 |         const hospitalJsonPromise = Promise.resolve(mockHospitals);
    > 17 |         render(<HospitalCatalog hospitalJson={hospitalJsonPromise}/>)
         |               ^
      18 |
      19 |         // Act
      20 |         // Wait for the component to render

      at VirtualConsole.<anonymous> (node_modules/jest-environment-jsdom/build/index.js:63:23)
      at reportException (node_modules/jsdom/lib/jsdom/living/helpers/runtime-script-errors.js:70:28)
      at innerInvokeEventListeners (node_modules/jsdom/lib/jsdom/living/events/EventTarget-impl.js:353:9)
      at invokeEventListeners (node_modules/jsdom/lib/jsdom/living/events/EventTarget-impl.js:286:3)
      at HTMLUnknownElementImpl._dispatch (node_modules/jsdom/lib/jsdom/living/events/EventTarget-impl.js:233:9)
      at HTMLUnknownElementImpl.dispatchEvent (node_modules/jsdom/lib/jsdom/living/events/EventTarget-impl.js:104:17)
      at HTMLUnknownElement.dispatchEvent (node_modules/jsdom/lib/jsdom/living/generated/EventTarget.js:241:34)
      at Object.invokeGuardedCallbackDev (node_modules/react-dom/cjs/react-dom.development.js:4213:16)
      at invokeGuardedCallback (node_modules/react-dom/cjs/react-dom.development.js:4277:31)
      at beginWork$1 (node_modules/react-dom/cjs/react-dom.development.js:27451:7)
      at performUnitOfWork (node_modules/react-dom/cjs/react-dom.development.js:26560:12)
      at workLoopSync (node_modules/react-dom/cjs/react-dom.development.js:26466:5)
      at renderRootSync (node_modules/react-dom/cjs/react-dom.development.js:26434:7)
      at recoverFromConcurrentError (node_modules/react-dom/cjs/react-dom.development.js:25850:20)
      at performConcurrentWorkOnRoot (node_modules/react-dom/cjs/react-dom.development.js:25750:22)
      at flushActQueue (node_modules/react/cjs/react.development.js:2667:24)
      at act (node_modules/react/cjs/react.development.js:2582:11)
      at node_modules/@testing-library/react/dist/act-compat.js:46:25
      at renderRoot (node_modules/@testing-library/react/dist/pure.js:161:26)
      at render (node_modules/@testing-library/react/dist/pure.js:247:10)
      at Object.<anonymous> (__tests__/Vaccine.test.tsx:17:15)

  console.error
    The above error occurred in the <HospitalCatalog> component:
    
        at HospitalCatalog
    
    Consider adding an error boundary to your tree to customize error handling behavior.
    Visit https://reactjs.org/link/error-boundaries to learn more about error boundaries.

      15 |         };
      16 |         const hospitalJsonPromise = Promise.resolve(mockHospitals);
    > 17 |         render(<HospitalCatalog hospitalJson={hospitalJsonPromise}/>)
         |               ^
      18 |
      19 |         // Act
      20 |         // Wait for the component to render

      at logCapturedError (node_modules/react-dom/cjs/react-dom.development.js:18687:23)
      at update.callback (node_modules/react-dom/cjs/react-dom.development.js:18720:5)
      at callCallback (node_modules/react-dom/cjs/react-dom.development.js:13923:12)
      at commitUpdateQueue (node_modules/react-dom/cjs/react-dom.development.js:13944:9)
      at commitLayoutEffectOnFiber (node_modules/react-dom/cjs/react-dom.development.js:23391:13)
      at commitLayoutMountEffects_complete (node_modules/react-dom/cjs/react-dom.development.js:24688:9)
      at commitLayoutEffects_begin (node_modules/react-dom/cjs/react-dom.development.js:24674:7)
      at commitLayoutEffects (node_modules/react-dom/cjs/react-dom.development.js:24612:3)
      at commitRootImpl (node_modules/react-dom/cjs/react-dom.development.js:26823:5)
      at commitRoot (node_modules/react-dom/cjs/react-dom.development.js:26682:5)
      at finishConcurrentRender (node_modules/react-dom/cjs/react-dom.development.js:25892:9)
      at performConcurrentWorkOnRoot (node_modules/react-dom/cjs/react-dom.development.js:25809:7)
      at flushActQueue (node_modules/react/cjs/react.development.js:2667:24)
      at act (node_modules/react/cjs/react.development.js:2582:11)
      at node_modules/@testing-library/react/dist/act-compat.js:46:25
      at renderRoot (node_modules/@testing-library/react/dist/pure.js:161:26)
      at render (node_modules/@testing-library/react/dist/pure.js:247:10)
      at Object.<anonymous> (__tests__/Vaccine.test.tsx:17:15)

  console.error
    Warning: Each child in a list should have a unique "key" prop.
    
    Check the top-level render call using <div>. See https://reactjs.org/link/warning-keys for more information.
        at legacyBehavior (C:\DriveDAble\natnaphon\Education\Chula\year4\term1\SW_DEV_PRAC_II\ReactApp\vaccine-book-app\node_modules\next\src\client\link.tsx:280:7)

       8 |         <h1 className="text-xl font-small text-black">Explore {hospitalJsonReady.count} hospitals in our system</h1>
       9 |
    > 10 |         <div className= "m-5 flex flex-row content-around justify-around flex-wrap" >
         |         ^
      11 |         {
      12 |           hospitalJsonReady.data.map((hospitalItem:Object)=>(
      13 |              <Link href={`/hospital/${hospitalItem.id}`} className='w-1/5'>

      at printWarning (node_modules/react/cjs/react-jsx-runtime.development.js:87:30)
      at error (node_modules/react/cjs/react-jsx-runtime.development.js:61:7)
      at validateExplicitKey (node_modules/react/cjs/react-jsx-runtime.development.js:1078:5)
      at validateChildKeys (node_modules/react/cjs/react-jsx-runtime.development.js:1105:11)
      at jsxWithValidation (node_modules/react/cjs/react-jsx-runtime.development.js:1276:11)
      at jsxWithValidationDynamic (node_modules/react/cjs/react-jsx-runtime.development.js:1301:12)
      at HospitalCatalog (src/components/HospitalCatalog.tsx:10:9)

C:\DriveDAble\natnaphon\Education\Chula\year4\term1\SW_DEV_PRAC_II\ReactApp\vaccine-book-app\src\components\HospitalCatalog.tsx:
19
async function HospitalCatalog({ hospitalJson }) {
                                 ^

TypeError: Cannot destructure property 'hospitalJson' of 'undefined' as it is undefined.
    at HospitalCatalog (C:\DriveDAble\natnaphon\Education\Chula\year4\term1\SW_DEV_PRAC_II\ReactApp\vaccine-book-app\src\compone
nts\HospitalCatalog.tsx:19:34)
    at describeNativeComponentFrame (C:\DriveDAble\natnaphon\Education\Chula\year4\term1\SW_DEV_PRAC_II\ReactApp\vaccine-book-ap
p\node_modules\react-dom\cjs\react-dom.development.js:1092:7)
    at describeFunctionComponentFrame (C:\DriveDAble\natnaphon\Education\Chula\year4\term1\SW_DEV_PRAC_II\ReactApp\vaccine-book-
app\node_modules\react-dom\cjs\react-dom.development.js:1187:12)
    at describeFiber (C:\DriveDAble\natnaphon\Education\Chula\year4\term1\SW_DEV_PRAC_II\ReactApp\vaccine-book-app\node_modules\
react-dom\cjs\react-dom.development.js:1266:14)
    at getStackByFiberInDevAndProd (C:\DriveDAble\natnaphon\Education\Chula\year4\term1\SW_DEV_PRAC_II\ReactApp\vaccine-book-app
\node_modules\react-dom\cjs\react-dom.development.js:1285:15)
    at createCapturedValueAtFiber (C:\DriveDAble\natnaphon\Education\Chula\year4\term1\SW_DEV_PRAC_II\ReactApp\vaccine-book-app\
node_modules\react-dom\cjs\react-dom.development.js:18616:12)
    at throwException (C:\DriveDAble\natnaphon\Education\Chula\year4\term1\SW_DEV_PRAC_II\ReactApp\vaccine-book-app\node_modules
\react-dom\cjs\react-dom.development.js:19087:11)
    at handleError (C:\DriveDAble\natnaphon\Education\Chula\year4\term1\SW_DEV_PRAC_II\ReactApp\vaccine-book-app\node_modules\re
act-dom\cjs\react-dom.development.js:26311:7)
    at renderRootSync (C:\DriveDAble\natnaphon\Education\Chula\year4\term1\SW_DEV_PRAC_II\ReactApp\vaccine-book-app\node_modules
\react-dom\cjs\react-dom.development.js:26437:7)
    at performConcurrentWorkOnRoot (C:\DriveDAble\natnaphon\Education\Chula\year4\term1\SW_DEV_PRAC_II\ReactApp\vaccine-book-app
\node_modules\react-dom\cjs\react-dom.development.js:25738:74)
    at flushActQueue (C:\DriveDAble\natnaphon\Education\Chula\year4\term1\SW_DEV_PRAC_II\ReactApp\vaccine-book-app\node_modules\
react\cjs\react.development.js:2667:24)
    at act (C:\DriveDAble\natnaphon\Education\Chula\year4\term1\SW_DEV_PRAC_II\ReactApp\vaccine-book-app\node_modules\react\cjs\
react.development.js:2582:11)
    at C:\DriveDAble\natnaphon\Education\Chula\year4\term1\SW_DEV_PRAC_II\ReactApp\vaccine-book-app\node_modules\@testing-librar
y\react\dist\act-compat.js:46:25
    at renderRoot (C:\DriveDAble\natnaphon\Education\Chula\year4\term1\SW_DEV_PRAC_II\ReactApp\vaccine-book-app\node_modules\@te
sting-library\react\dist\pure.js:161:26)
    at render (C:\DriveDAble\natnaphon\Education\Chula\year4\term1\SW_DEV_PRAC_II\ReactApp\vaccine-book-app\node_modules\@testin
g-library\react\dist\pure.js:247:10)
    at Object.<anonymous> 
(C:\DriveDAble\natnaphon\Education\Chula\year4\term1\SW_DEV_PRAC_II\ReactApp\vaccine-book-app\__tests__\Vaccine.test.tsx:17:15)
    at Promise.then.completed (C:\DriveDAble\natnaphon\Education\Chula\year4\term1\SW_DEV_PRAC_II\ReactApp\vaccine-book-app\node
_modules\jest-circus\build\utils.js:298:28)
    at new Promise (<anonymous>)
    at callAsyncCircusFn (C:\DriveDAble\natnaphon\Education\Chula\year4\term1\SW_DEV_PRAC_II\ReactApp\vaccine-book-app\node_modu
les\jest-circus\build\utils.js:231:10)
    at _callCircusTest (C:\DriveDAble\natnaphon\Education\Chula\year4\term1\SW_DEV_PRAC_II\ReactApp\vaccine-book-app\node_module
s\jest-circus\build\run.js:316:40)
    at _runTest (C:\DriveDAble\natnaphon\Education\Chula\year4\term1\SW_DEV_PRAC_II\ReactApp\vaccine-book-app\node_modules\jest-
circus\build\run.js:252:3)
    at _runTestsForDescribeBlock (C:\DriveDAble\natnaphon\Education\Chula\year4\term1\SW_DEV_PRAC_II\ReactApp\vaccine-book-app\n
ode_modules\jest-circus\build\run.js:126:9)
    at _runTestsForDescribeBlock (C:\DriveDAble\natnaphon\Education\Chula\year4\term1\SW_DEV_PRAC_II\ReactApp\vaccine-book-app\n
ode_modules\jest-circus\build\run.js:121:9)
    at run (C:\DriveDAble\natnaphon\Education\Chula\year4\term1\SW_DEV_PRAC_II\ReactApp\vaccine-book-app\node_modules\jest-circu
s\build\run.js:71:3)
    at runAndTransformResultsToJestFormat (C:\DriveDAble\natnaphon\Education\Chula\year4\term1\SW_DEV_PRAC_II\ReactApp\vaccine-b
ook-app\node_modules\jest-circus\build\legacy-code-todo-rewrite\jestAdapterInit.js:122:21)
    at jestAdapter (C:\DriveDAble\natnaphon\Education\Chula\year4\term1\SW_DEV_PRAC_II\ReactApp\vaccine-book-app\node_modules\je
st-circus\build\legacy-code-todo-rewrite\jestAdapter.js:79:19)
    at runTestInternal (C:\DriveDAble\natnaphon\Education\Chula\year4\term1\SW_DEV_PRAC_II\ReactApp\vaccine-book-app\node_module
s\jest-runner\build\runTest.js:367:16)
    at runTest (C:\DriveDAble\natnaphon\Education\Chula\year4\term1\SW_DEV_PRAC_II\ReactApp\vaccine-book-app\node_modules\jest-r
unner\build\runTest.js:444:34)

Node.js v20.8.1
